Script ejecutado correctamente